EN clau NULL C:/Xilinx/lab2/clau.vhd sub00/vhpl04 1584992568
AR clau behavioral C:/Xilinx/lab2/clau.vhd sub00/vhpl05 1584992569
EN su NULL C:/Xilinx/lab2/su.vhd sub00/vhpl00 1584992795
AR cgpu behavioral C:/Xilinx/lab2/cgpu.vhd sub00/vhpl03 1584992542
AR su behavioral C:/Xilinx/lab2/su.vhd sub00/vhpl01 1584992796
AR claa4b behavioral C:/Xilinx/lab2/claa4b.vhd sub00/vhpl07 1584994809
EN claa4b NULL C:/Xilinx/lab2/claa4b.vhd sub00/vhpl06 1584994808
EN cgpu NULL C:/Xilinx/lab2/cgpu.vhd sub00/vhpl02 1584992541
